Archive member included to satisfy reference by file (symbol)

../qtouch/lib/gcc\libqtm_touch_key_t814_0x0002.a(avr_touch_key_g_t814.o)
                              qtouch/touch.o (qtm_update_qtlib_timer)
../qtouch/lib/gcc\libqtm_acq_runtime_t814_0x0008.a(avr_acq_runtime_g_t814.o)
                              qtouch/touch.o (qtm_acquisition_process)
c:/program files (x86)/atmel/studio/7.0/toolchain/avr8/avr8-gnu-toolchain/bin/../lib/gcc/avr/5.4.0/avrxmega3/short-calls\libgcc.a(_exit.o)
                              C:/Program Files (x86)/Atmel/Studio/7.0/Packs/atmel/ATtiny_DFP/1.4.283/gcc/dev/attiny814/avrxmega3/short-calls/crtattiny814.o (exit)
c:/program files (x86)/atmel/studio/7.0/toolchain/avr8/avr8-gnu-toolchain/bin/../lib/gcc/avr/5.4.0/avrxmega3/short-calls\libgcc.a(_copy_data.o)
                              qtouch/datastreamer/datastreamer_UART_avr.o (__do_copy_data)
c:/program files (x86)/atmel/studio/7.0/toolchain/avr8/avr8-gnu-toolchain/bin/../lib/gcc/avr/5.4.0/avrxmega3/short-calls\libgcc.a(_clear_bss.o)
                              examples/src/touch_example.o (__do_clear_bss)
c:/program files (x86)/atmel/studio/7.0/toolchain/avr8/avr8-gnu-toolchain/bin/../lib/gcc/avr/5.4.0/../../../../avr/lib/avrxmega3/short-calls\libc.a(strncmp.o)
                              examples/src/usart_basic_example.o (strncmp)
c:/program files (x86)/atmel/studio/7.0/toolchain/avr8/avr8-gnu-toolchain/bin/../lib/gcc/avr/5.4.0/../../../../avr/lib/avrxmega3/short-calls\libc.a(iob.o)
                              src/usart_basic.o (__iob)
c:/program files (x86)/atmel/studio/7.0/toolchain/avr8/avr8-gnu-toolchain/bin/../lib/gcc/avr/5.4.0/../../../../avr/lib/avrxmega3/short-calls\libc.a(printf.o)
                              examples/src/usart_basic_example.o (printf)
c:/program files (x86)/atmel/studio/7.0/toolchain/avr8/avr8-gnu-toolchain/bin/../lib/gcc/avr/5.4.0/../../../../avr/lib/avrxmega3/short-calls\libc.a(puts.o)
                              main.o (puts)
c:/program files (x86)/atmel/studio/7.0/toolchain/avr8/avr8-gnu-toolchain/bin/../lib/gcc/avr/5.4.0/../../../../avr/lib/avrxmega3/short-calls\libc.a(vfprintf_std.o)
                              c:/program files (x86)/atmel/studio/7.0/toolchain/avr8/avr8-gnu-toolchain/bin/../lib/gcc/avr/5.4.0/../../../../avr/lib/avrxmega3/short-calls\libc.a(printf.o) (vfprintf)
c:/program files (x86)/atmel/studio/7.0/toolchain/avr8/avr8-gnu-toolchain/bin/../lib/gcc/avr/5.4.0/../../../../avr/lib/avrxmega3/short-calls\libc.a(strnlen_P.o)
                              c:/program files (x86)/atmel/studio/7.0/toolchain/avr8/avr8-gnu-toolchain/bin/../lib/gcc/avr/5.4.0/../../../../avr/lib/avrxmega3/short-calls\libc.a(vfprintf_std.o) (strnlen_P)
c:/program files (x86)/atmel/studio/7.0/toolchain/avr8/avr8-gnu-toolchain/bin/../lib/gcc/avr/5.4.0/../../../../avr/lib/avrxmega3/short-calls\libc.a(strnlen.o)
                              c:/program files (x86)/atmel/studio/7.0/toolchain/avr8/avr8-gnu-toolchain/bin/../lib/gcc/avr/5.4.0/../../../../avr/lib/avrxmega3/short-calls\libc.a(vfprintf_std.o) (strnlen)
c:/program files (x86)/atmel/studio/7.0/toolchain/avr8/avr8-gnu-toolchain/bin/../lib/gcc/avr/5.4.0/../../../../avr/lib/avrxmega3/short-calls\libc.a(fputc.o)
                              c:/program files (x86)/atmel/studio/7.0/toolchain/avr8/avr8-gnu-toolchain/bin/../lib/gcc/avr/5.4.0/../../../../avr/lib/avrxmega3/short-calls\libc.a(vfprintf_std.o) (fputc)
c:/program files (x86)/atmel/studio/7.0/toolchain/avr8/avr8-gnu-toolchain/bin/../lib/gcc/avr/5.4.0/../../../../avr/lib/avrxmega3/short-calls\libc.a(ultoa_invert.o)
                              c:/program files (x86)/atmel/studio/7.0/toolchain/avr8/avr8-gnu-toolchain/bin/../lib/gcc/avr/5.4.0/../../../../avr/lib/avrxmega3/short-calls\libc.a(vfprintf_std.o) (__ultoa_invert)
c:/program files (x86)/atmel/studio/7.0/toolchain/avr8/avr8-gnu-toolchain/bin/../lib/gcc/avr/5.4.0/avrxmega3/short-calls\libgcc.a(_prologue.o)
                              c:/program files (x86)/atmel/studio/7.0/toolchain/avr8/avr8-gnu-toolchain/bin/../lib/gcc/avr/5.4.0/../../../../avr/lib/avrxmega3/short-calls\libc.a(printf.o) (__prologue_saves__)
c:/program files (x86)/atmel/studio/7.0/toolchain/avr8/avr8-gnu-toolchain/bin/../lib/gcc/avr/5.4.0/avrxmega3/short-calls\libgcc.a(_epilogue.o)
                              c:/program files (x86)/atmel/studio/7.0/toolchain/avr8/avr8-gnu-toolchain/bin/../lib/gcc/avr/5.4.0/../../../../avr/lib/avrxmega3/short-calls\libc.a(printf.o) (__epilogue_restores__)

Allocating common symbols
Common symbol       size              file

qtlib_key_grp_data_set1
                    0x6               qtouch/touch.o
qtm_acquisition_control_working_set_ptr
                    0x2               ../qtouch/lib/gcc\libqtm_acq_runtime_t814_0x0008.a(avr_acq_runtime_g_t814.o)
interrupt_cnt       0x1               qtouch/touch.o
ptc_qtlib_node_stat1
                    0x5               qtouch/touch.o
touch_acq_signals_raw
                    0x2               qtouch/touch.o
qtlib_key_data_set1
                    0x6               qtouch/touch.o
qtm_raw_data_measurements_ptr
                    0x2               ../qtouch/lib/gcc\libqtm_acq_runtime_t814_0x0008.a(avr_acq_runtime_g_t814.o)
__iob               0x6               c:/program files (x86)/atmel/studio/7.0/toolchain/avr8/avr8-gnu-toolchain/bin/../lib/gcc/avr/5.4.0/../../../../avr/lib/avrxmega3/short-calls\libc.a(iob.o)

Discarded input sections

 .data          0x00000000        0x0 C:/Program Files (x86)/Atmel/Studio/7.0/Packs/atmel/ATtiny_DFP/1.4.283/gcc/dev/attiny814/avrxmega3/short-calls/crtattiny814.o
 .bss           0x00000000        0x0 C:/Program Files (x86)/Atmel/Studio/7.0/Packs/atmel/ATtiny_DFP/1.4.283/gcc/dev/attiny814/avrxmega3/short-calls/crtattiny814.o
 .text          0x00000000        0x0 atmel_start.o
 .data          0x00000000        0x0 atmel_start.o
 .bss           0x00000000        0x0 atmel_start.o
 .text          0x00000000        0x0 driver_isr.o
 .data          0x00000000        0x0 driver_isr.o
 .bss           0x00000000        0x0 driver_isr.o
 .text          0x00000000        0x0 examples/src/touch_example.o
 .data          0x00000000        0x0 examples/src/touch_example.o
 .bss           0x00000000        0x0 examples/src/touch_example.o
 .text.touch_status_display
                0x00000000        0xe examples/src/touch_example.o
 .text.touch_example
                0x00000000       0x10 examples/src/touch_example.o
 .bss.key_status
                0x00000000        0x1 examples/src/touch_example.o
 .debug_info    0x00000000      0x10e examples/src/touch_example.o
 .debug_abbrev  0x00000000       0xb0 examples/src/touch_example.o
 .debug_aranges
                0x00000000       0x28 examples/src/touch_example.o
 .debug_ranges  0x00000000       0x18 examples/src/touch_example.o
 .debug_line    0x00000000      0x103 examples/src/touch_example.o
 .debug_str     0x00000000      0x215 examples/src/touch_example.o
 .comment       0x00000000       0x31 examples/src/touch_example.o
 .debug_frame   0x00000000       0x34 examples/src/touch_example.o
 .text          0x00000000        0x0 examples/src/usart_basic_example.o
 .data          0x00000000        0x0 examples/src/usart_basic_example.o
 .bss           0x00000000        0x0 examples/src/usart_basic_example.o
 .rodata.str1.1
                0x00000000        0x9 examples/src/usart_basic_example.o
 .text.USART_0_test_usart_basic
                0x00000000       0x66 examples/src/usart_basic_example.o
 .bss.rx        0x00000000       0x10 examples/src/usart_basic_example.o
 .debug_info    0x00000000      0x13f examples/src/usart_basic_example.o
 .debug_abbrev  0x00000000       0xcd examples/src/usart_basic_example.o
 .debug_loc     0x00000000       0xbe examples/src/usart_basic_example.o
 .debug_aranges
                0x00000000       0x20 examples/src/usart_basic_example.o
 .debug_ranges  0x00000000       0x10 examples/src/usart_basic_example.o
 .debug_line    0x00000000      0x12c examples/src/usart_basic_example.o
 .debug_str     0x00000000      0x1f1 examples/src/usart_basic_example.o
 .comment       0x00000000       0x31 examples/src/usart_basic_example.o
 .debug_frame   0x00000000       0x4c examples/src/usart_basic_example.o
 .text          0x00000000        0x0 main.o
 .data          0x00000000        0x0 main.o
 .bss           0x00000000        0x0 main.o
 .text          0x00000000        0x0 qtouch/datastreamer/datastreamer_UART_avr.o
 .data          0x00000000        0x0 qtouch/datastreamer/datastreamer_UART_avr.o
 .bss           0x00000000        0x0 qtouch/datastreamer/datastreamer_UART_avr.o
 .text.datastreamer_transmit
                0x00000000        0x2 qtouch/datastreamer/datastreamer_UART_avr.o
 .data.data     0x00000000       0x13 qtouch/datastreamer/datastreamer_UART_avr.o
 .text          0x00000000        0x0 qtouch/touch.o
 .data          0x00000000        0x0 qtouch/touch.o
 .bss           0x00000000        0x0 qtouch/touch.o
 .text.update_sensor_node_signal
                0x00000000       0x1a qtouch/touch.o
 .text.update_sensor_node_reference
                0x00000000       0x1a qtouch/touch.o
 .text.update_sensor_cc_val
                0x00000000       0x1a qtouch/touch.o
 .text.update_sensor_state
                0x00000000       0x1e qtouch/touch.o
 .text          0x00000000        0x0 src/bod.o
 .data          0x00000000        0x0 src/bod.o
 .bss           0x00000000        0x0 src/bod.o
 .text          0x00000000        0x0 src/clkctrl.o
 .data          0x00000000        0x0 src/clkctrl.o
 .bss           0x00000000        0x0 src/clkctrl.o
 .text          0x00000000        0x0 src/cpuint.o
 .data          0x00000000        0x0 src/cpuint.o
 .bss           0x00000000        0x0 src/cpuint.o
 .text          0x00000000        0x0 src/driver_init.o
 .data          0x00000000        0x0 src/driver_init.o
 .bss           0x00000000        0x0 src/driver_init.o
 .text          0x00000000        0x0 src/protected_io.o
 .data          0x00000000        0x0 src/protected_io.o
 .bss           0x00000000        0x0 src/protected_io.o
 .text          0x00000000        0x0 src/rtc.o
 .data          0x00000000        0x0 src/rtc.o
 .bss           0x00000000        0x0 src/rtc.o
 .text          0x00000000        0x0 src/slpctrl.o
 .data          0x00000000        0x0 src/slpctrl.o
 .bss           0x00000000        0x0 src/slpctrl.o
 .text.SLPCTRL_set_sleep_mode
                0x00000000       0x10 src/slpctrl.o
 .text          0x00000000        0x0 src/usart_basic.o
 .data          0x00000000        0x0 src/usart_basic.o
 .bss           0x00000000        0x0 src/usart_basic.o
 .text.USART_0_enable
                0x00000000        0xc src/usart_basic.o
 .text.USART_0_enable_rx
                0x00000000        0xc src/usart_basic.o
 .text.USART_0_enable_tx
                0x00000000        0xc src/usart_basic.o
 .text.USART_0_disable
                0x00000000        0xc src/usart_basic.o
 .text.USART_0_get_data
                0x00000000        0x6 src/usart_basic.o
 .text.USART_0_is_tx_ready
                0x00000000        0xc src/usart_basic.o
 .text.USART_0_is_rx_ready
                0x00000000        0xc src/usart_basic.o
 .text.USART_0_is_tx_busy
                0x00000000       0x10 src/usart_basic.o
 .text.USART_0_read
                0x00000000       0x10 src/usart_basic.o
 .text          0x00000000        0x0 ../qtouch/lib/gcc\libqtm_touch_key_t814_0x0002.a(avr_touch_key_g_t814.o)
 .data          0x00000000        0x0 ../qtouch/lib/gcc\libqtm_touch_key_t814_0x0002.a(avr_touch_key_g_t814.o)
 .bss           0x00000000        0x0 ../qtouch/lib/gcc\libqtm_touch_key_t814_0x0002.a(avr_touch_key_g_t814.o)
 .text.qtm_key_suspend
                0x00000000       0x4e ../qtouch/lib/gcc\libqtm_touch_key_t814_0x0002.a(avr_touch_key_g_t814.o)
 .text.qtm_key_resume
                0x00000000       0x4e ../qtouch/lib/gcc\libqtm_touch_key_t814_0x0002.a(avr_touch_key_g_t814.o)
 .text.qtm_get_touch_keys_module_id
                0x00000000        0x6 ../qtouch/lib/gcc\libqtm_touch_key_t814_0x0002.a(avr_touch_key_g_t814.o)
 .text.qtm_get_touch_keys_module_ver
                0x00000000        0x4 ../qtouch/lib/gcc\libqtm_touch_key_t814_0x0002.a(avr_touch_key_g_t814.o)
 .text          0x00000000        0x0 ../qtouch/lib/gcc\libqtm_acq_runtime_t814_0x0008.a(avr_acq_runtime_g_t814.o)
 .data          0x00000000        0x0 ../qtouch/lib/gcc\libqtm_acq_runtime_t814_0x0008.a(avr_acq_runtime_g_t814.o)
 .bss           0x00000000        0x0 ../qtouch/lib/gcc\libqtm_acq_runtime_t814_0x0008.a(avr_acq_runtime_g_t814.o)
 .text.qtm_autoscan_sensor_node
                0x00000000      0x266 ../qtouch/lib/gcc\libqtm_acq_runtime_t814_0x0008.a(avr_acq_runtime_g_t814.o)
 .text.qtm_autoscan_node_cancel
                0x00000000       0x22 ../qtouch/lib/gcc\libqtm_acq_runtime_t814_0x0008.a(avr_acq_runtime_g_t814.o)
 .text.qtm_t81x_ptc_handler_wcomp
                0x00000000       0x8c ../qtouch/lib/gcc\libqtm_acq_runtime_t814_0x0008.a(avr_acq_runtime_g_t814.o)
 .text.qtm_ptc_de_init
                0x00000000        0xa ../qtouch/lib/gcc\libqtm_acq_runtime_t814_0x0008.a(avr_acq_runtime_g_t814.o)
 .text.qtm_t81x_acq_module_get_id
                0x00000000        0x6 ../qtouch/lib/gcc\libqtm_acq_runtime_t814_0x0008.a(avr_acq_runtime_g_t814.o)
 .text.qtm_t81x_acq_module_get_version
                0x00000000        0x4 ../qtouch/lib/gcc\libqtm_acq_runtime_t814_0x0008.a(avr_acq_runtime_g_t814.o)
 .bss.ptc_wcomp_happened_pointer
                0x00000000        0x2 ../qtouch/lib/gcc\libqtm_acq_runtime_t814_0x0008.a(avr_acq_runtime_g_t814.o)
 .text          0x00000000        0x0 c:/program files (x86)/atmel/studio/7.0/toolchain/avr8/avr8-gnu-toolchain/bin/../lib/gcc/avr/5.4.0/avrxmega3/short-calls\libgcc.a(_exit.o)
 .data          0x00000000        0x0 c:/program files (x86)/atmel/studio/7.0/toolchain/avr8/avr8-gnu-toolchain/bin/../lib/gcc/avr/5.4.0/avrxmega3/short-calls\libgcc.a(_exit.o)
 .bss           0x00000000        0x0 c:/program files (x86)/atmel/studio/7.0/toolchain/avr8/avr8-gnu-toolchain/bin/../lib/gcc/avr/5.4.0/avrxmega3/short-calls\libgcc.a(_exit.o)
 .text.libgcc.mul
                0x00000000        0x0 c:/program files (x86)/atmel/studio/7.0/toolchain/avr8/avr8-gnu-toolchain/bin/../lib/gcc/avr/5.4.0/avrxmega3/short-calls\libgcc.a(_exit.o)
 .text.libgcc.div
                0x00000000        0x0 c:/program files (x86)/atmel/studio/7.0/toolchain/avr8/avr8-gnu-toolchain/bin/../lib/gcc/avr/5.4.0/avrxmega3/short-calls\libgcc.a(_exit.o)
 .text.libgcc   0x00000000        0x0 c:/program files (x86)/atmel/studio/7.0/toolchain/avr8/avr8-gnu-toolchain/bin/../lib/gcc/avr/5.4.0/avrxmega3/short-calls\libgcc.a(_exit.o)
 .text.libgcc.prologue
                0x00000000        0x0 c:/program files (x86)/atmel/studio/7.0/toolchain/avr8/avr8-gnu-toolchain/bin/../lib/gcc/avr/5.4.0/avrxmega3/short-calls\libgcc.a(_exit.o)
 .text.libgcc.builtins
                0x00000000        0x0 c:/program files (x86)/atmel/studio/7.0/toolchain/avr8/avr8-gnu-toolchain/bin/../lib/gcc/avr/5.4.0/avrxmega3/short-calls\libgcc.a(_exit.o)
 .text.libgcc.fmul
                0x00000000        0x0 c:/program files (x86)/atmel/studio/7.0/toolchain/avr8/avr8-gnu-toolchain/bin/../lib/gcc/avr/5.4.0/avrxmega3/short-calls\libgcc.a(_exit.o)
 .text.libgcc.fixed
                0x00000000        0x0 c:/program files (x86)/atmel/studio/7.0/toolchain/avr8/avr8-gnu-toolchain/bin/../lib/gcc/avr/5.4.0/avrxmega3/short-calls\libgcc.a(_exit.o)
 .text          0x00000000        0x0 c:/program files (x86)/atmel/studio/7.0/toolchain/avr8/avr8-gnu-toolchain/bin/../lib/gcc/avr/5.4.0/avrxmega3/short-calls\libgcc.a(_copy_data.o)
 .data          0x00000000        0x0 c:/program files (x86)/atmel/studio/7.0/toolchain/avr8/avr8-gnu-toolchain/bin/../lib/gcc/avr/5.4.0/avrxmega3/short-calls\libgcc.a(_copy_data.o)
 .bss           0x00000000        0x0 c:/program files (x86)/atmel/studio/7.0/toolchain/avr8/avr8-gnu-toolchain/bin/../lib/gcc/avr/5.4.0/avrxmega3/short-calls\libgcc.a(_copy_data.o)
 .text.libgcc.mul
                0x00000000        0x0 c:/program files (x86)/atmel/studio/7.0/toolchain/avr8/avr8-gnu-toolchain/bin/../lib/gcc/avr/5.4.0/avrxmega3/short-calls\libgcc.a(_copy_data.o)
 .text.libgcc.div
                0x00000000        0x0 c:/program files (x86)/atmel/studio/7.0/toolchain/avr8/avr8-gnu-toolchain/bin/../lib/gcc/avr/5.4.0/avrxmega3/short-calls\libgcc.a(_copy_data.o)
 .text.libgcc   0x00000000        0x0 c:/program files (x86)/atmel/studio/7.0/toolchain/avr8/avr8-gnu-toolchain/bin/../lib/gcc/avr/5.4.0/avrxmega3/short-calls\libgcc.a(_copy_data.o)
 .text.libgcc.prologue
                0x00000000        0x0 c:/program files (x86)/atmel/studio/7.0/toolchain/avr8/avr8-gnu-toolchain/bin/../lib/gcc/avr/5.4.0/avrxmega3/short-calls\libgcc.a(_copy_data.o)
 .text.libgcc.builtins
                0x00000000        0x0 c:/program files (x86)/atmel/studio/7.0/toolchain/avr8/avr8-gnu-toolchain/bin/../lib/gcc/avr/5.4.0/avrxmega3/short-calls\libgcc.a(_copy_data.o)
 .text.libgcc.fmul
                0x00000000        0x0 c:/program files (x86)/atmel/studio/7.0/toolchain/avr8/avr8-gnu-toolchain/bin/../lib/gcc/avr/5.4.0/avrxmega3/short-calls\libgcc.a(_copy_data.o)
 .text.libgcc.fixed
                0x00000000        0x0 c:/program files (x86)/atmel/studio/7.0/toolchain/avr8/avr8-gnu-toolchain/bin/../lib/gcc/avr/5.4.0/avrxmega3/short-calls\libgcc.a(_copy_data.o)
 .text          0x00000000        0x0 c:/program files (x86)/atmel/studio/7.0/toolchain/avr8/avr8-gnu-toolchain/bin/../lib/gcc/avr/5.4.0/avrxmega3/short-calls\libgcc.a(_clear_bss.o)
 .data          0x00000000        0x0 c:/program files (x86)/atmel/studio/7.0/toolchain/avr8/avr8-gnu-toolchain/bin/../lib/gcc/avr/5.4.0/avrxmega3/short-calls\libgcc.a(_clear_bss.o)
 .bss           0x00000000        0x0 c:/program files (x86)/atmel/studio/7.0/toolchain/avr8/avr8-gnu-toolchain/bin/../lib/gcc/avr/5.4.0/avrxmega3/short-calls\libgcc.a(_clear_bss.o)
 .text.libgcc.mul
                0x00000000        0x0 c:/program files (x86)/atmel/studio/7.0/toolchain/avr8/avr8-gnu-toolchain/bin/../lib/gcc/avr/5.4.0/avrxmega3/short-calls\libgcc.a(_clear_bss.o)
 .text.libgcc.div
                0x00000000        0x0 c:/program files (x86)/atmel/studio/7.0/toolchain/avr8/avr8-gnu-toolchain/bin/../lib/gcc/avr/5.4.0/avrxmega3/short-calls\libgcc.a(_clear_bss.o)
 .text.libgcc   0x00000000        0x0 c:/program files (x86)/atmel/studio/7.0/toolchain/avr8/avr8-gnu-toolchain/bin/../lib/gcc/avr/5.4.0/avrxmega3/short-calls\libgcc.a(_clear_bss.o)
 .text.libgcc.prologue
                0x00000000        0x0 c:/program files (x86)/atmel/studio/7.0/toolchain/avr8/avr8-gnu-toolchain/bin/../lib/gcc/avr/5.4.0/avrxmega3/short-calls\libgcc.a(_clear_bss.o)
 .text.libgcc.builtins
                0x00000000        0x0 c:/program files (x86)/atmel/studio/7.0/toolchain/avr8/avr8-gnu-toolchain/bin/../lib/gcc/avr/5.4.0/avrxmega3/short-calls\libgcc.a(_clear_bss.o)
 .text.libgcc.fmul
                0x00000000        0x0 c:/program files (x86)/atmel/studio/7.0/toolchain/avr8/avr8-gnu-toolchain/bin/../lib/gcc/avr/5.4.0/avrxmega3/short-calls\libgcc.a(_clear_bss.o)
 .text.libgcc.fixed
                0x00000000        0x0 c:/program files (x86)/atmel/studio/7.0/toolchain/avr8/avr8-gnu-toolchain/bin/../lib/gcc/avr/5.4.0/avrxmega3/short-calls\libgcc.a(_clear_bss.o)
 .text          0x00000000        0x0 c:/program files (x86)/atmel/studio/7.0/toolchain/avr8/avr8-gnu-toolchain/bin/../lib/gcc/avr/5.4.0/../../../../avr/lib/avrxmega3/short-calls\libc.a(strncmp.o)
 .data          0x00000000        0x0 c:/program files (x86)/atmel/studio/7.0/toolchain/avr8/avr8-gnu-toolchain/bin/../lib/gcc/avr/5.4.0/../../../../avr/lib/avrxmega3/short-calls\libc.a(strncmp.o)
 .bss           0x00000000        0x0 c:/program files (x86)/atmel/studio/7.0/toolchain/avr8/avr8-gnu-toolchain/bin/../lib/gcc/avr/5.4.0/../../../../avr/lib/avrxmega3/short-calls\libc.a(strncmp.o)
 .text.avr-libc
                0x00000000       0x1c c:/program files (x86)/atmel/studio/7.0/toolchain/avr8/avr8-gnu-toolchain/bin/../lib/gcc/avr/5.4.0/../../../../avr/lib/avrxmega3/short-calls\libc.a(strncmp.o)
 .text          0x00000000        0x0 c:/program files (x86)/atmel/studio/7.0/toolchain/avr8/avr8-gnu-toolchain/bin/../lib/gcc/avr/5.4.0/../../../../avr/lib/avrxmega3/short-calls\libc.a(iob.o)
 .data          0x00000000        0x0 c:/program files (x86)/atmel/studio/7.0/toolchain/avr8/avr8-gnu-toolchain/bin/../lib/gcc/avr/5.4.0/../../../../avr/lib/avrxmega3/short-calls\libc.a(iob.o)
 .bss           0x00000000        0x0 c:/program files (x86)/atmel/studio/7.0/toolchain/avr8/avr8-gnu-toolchain/bin/../lib/gcc/avr/5.4.0/../../../../avr/lib/avrxmega3/short-calls\libc.a(iob.o)
 .text          0x00000000        0x0 c:/program files (x86)/atmel/studio/7.0/toolchain/avr8/avr8-gnu-toolchain/bin/../lib/gcc/avr/5.4.0/../../../../avr/lib/avrxmega3/short-calls\libc.a(printf.o)
 .data          0x00000000        0x0 c:/program files (x86)/atmel/studio/7.0/toolchain/avr8/avr8-gnu-toolchain/bin/../lib/gcc/avr/5.4.0/../../../../avr/lib/avrxmega3/short-calls\libc.a(printf.o)
 .bss           0x00000000        0x0 c:/program files (x86)/atmel/studio/7.0/toolchain/avr8/avr8-gnu-toolchain/bin/../lib/gcc/avr/5.4.0/../../../../avr/lib/avrxmega3/short-calls\libc.a(printf.o)
 .text          0x00000000        0x0 c:/program files (x86)/atmel/studio/7.0/toolchain/avr8/avr8-gnu-toolchain/bin/../lib/gcc/avr/5.4.0/../../../../avr/lib/avrxmega3/short-calls\libc.a(puts.o)
 .data          0x00000000        0x0 c:/program files (x86)/atmel/studio/7.0/toolchain/avr8/avr8-gnu-toolchain/bin/../lib/gcc/avr/5.4.0/../../../../avr/lib/avrxmega3/short-calls\libc.a(puts.o)
 .bss           0x00000000        0x0 c:/program files (x86)/atmel/studio/7.0/toolchain/avr8/avr8-gnu-toolchain/bin/../lib/gcc/avr/5.4.0/../../../../avr/lib/avrxmega3/short-calls\libc.a(puts.o)
 .text          0x00000000        0x0 c:/program files (x86)/atmel/studio/7.0/toolchain/avr8/avr8-gnu-toolchain/bin/../lib/gcc/avr/5.4.0/../../../../avr/lib/avrxmega3/short-calls\libc.a(vfprintf_std.o)
 .data          0x00000000        0x0 c:/program files (x86)/atmel/studio/7.0/toolchain/avr8/avr8-gnu-toolchain/bin/../lib/gcc/avr/5.4.0/../../../../avr/lib/avrxmega3/short-calls\libc.a(vfprintf_std.o)
 .bss           0x00000000        0x0 c:/program files (x86)/atmel/studio/7.0/toolchain/avr8/avr8-gnu-toolchain/bin/../lib/gcc/avr/5.4.0/../../../../avr/lib/avrxmega3/short-calls\libc.a(vfprintf_std.o)
 .text          0x00000000        0x0 c:/program files (x86)/atmel/studio/7.0/toolchain/avr8/avr8-gnu-toolchain/bin/../lib/gcc/avr/5.4.0/../../../../avr/lib/avrxmega3/short-calls\libc.a(strnlen_P.o)
 .data          0x00000000        0x0 c:/program files (x86)/atmel/studio/7.0/toolchain/avr8/avr8-gnu-toolchain/bin/../lib/gcc/avr/5.4.0/../../../../avr/lib/avrxmega3/short-calls\libc.a(strnlen_P.o)
 .bss           0x00000000        0x0 c:/program files (x86)/atmel/studio/7.0/toolchain/avr8/avr8-gnu-toolchain/bin/../lib/gcc/avr/5.4.0/../../../../avr/lib/avrxmega3/short-calls\libc.a(strnlen_P.o)
 .text          0x00000000        0x0 c:/program files (x86)/atmel/studio/7.0/toolchain/avr8/avr8-gnu-toolchain/bin/../lib/gcc/avr/5.4.0/../../../../avr/lib/avrxmega3/short-calls\libc.a(strnlen.o)
 .data          0x00000000        0x0 c:/program files (x86)/atmel/studio/7.0/toolchain/avr8/avr8-gnu-toolchain/bin/../lib/gcc/avr/5.4.0/../../../../avr/lib/avrxmega3/short-calls\libc.a(strnlen.o)
 .bss           0x00000000        0x0 c:/program files (x86)/atmel/studio/7.0/toolchain/avr8/avr8-gnu-toolchain/bin/../lib/gcc/avr/5.4.0/../../../../avr/lib/avrxmega3/short-calls\libc.a(strnlen.o)
 .text          0x00000000        0x0 c:/program files (x86)/atmel/studio/7.0/toolchain/avr8/avr8-gnu-toolchain/bin/../lib/gcc/avr/5.4.0/../../../../avr/lib/avrxmega3/short-calls\libc.a(fputc.o)
 .data          0x00000000        0x0 c:/program files (x86)/atmel/studio/7.0/toolchain/avr8/avr8-gnu-toolchain/bin/../lib/gcc/avr/5.4.0/../../../../avr/lib/avrxmega3/short-calls\libc.a(fputc.o)
 .bss           0x00000000        0x0 c:/program files (x86)/atmel/studio/7.0/toolchain/avr8/avr8-gnu-toolchain/bin/../lib/gcc/avr/5.4.0/../../../../avr/lib/avrxmega3/short-calls\libc.a(fputc.o)
 .text          0x00000000        0x0 c:/program files (x86)/atmel/studio/7.0/toolchain/avr8/avr8-gnu-toolchain/bin/../lib/gcc/avr/5.4.0/../../../../avr/lib/avrxmega3/short-calls\libc.a(ultoa_invert.o)
 .data          0x00000000        0x0 c:/program files (x86)/atmel/studio/7.0/toolchain/avr8/avr8-gnu-toolchain/bin/../lib/gcc/avr/5.4.0/../../../../avr/lib/avrxmega3/short-calls\libc.a(ultoa_invert.o)
 .bss           0x00000000        0x0 c:/program files (x86)/atmel/studio/7.0/toolchain/avr8/avr8-gnu-toolchain/bin/../lib/gcc/avr/5.4.0/../../../../avr/lib/avrxmega3/short-calls\libc.a(ultoa_invert.o)
 .text          0x00000000        0x0 c:/program files (x86)/atmel/studio/7.0/toolchain/avr8/avr8-gnu-toolchain/bin/../lib/gcc/avr/5.4.0/avrxmega3/short-calls\libgcc.a(_prologue.o)
 .data          0x00000000        0x0 c:/program files (x86)/atmel/studio/7.0/toolchain/avr8/avr8-gnu-toolchain/bin/../lib/gcc/avr/5.4.0/avrxmega3/short-calls\libgcc.a(_prologue.o)
 .bss           0x00000000        0x0 c:/program files (x86)/atmel/studio/7.0/toolchain/avr8/avr8-gnu-toolchain/bin/../lib/gcc/avr/5.4.0/avrxmega3/short-calls\libgcc.a(_prologue.o)
 .text.libgcc.mul
                0x00000000        0x0 c:/program files (x86)/atmel/studio/7.0/toolchain/avr8/avr8-gnu-toolchain/bin/../lib/gcc/avr/5.4.0/avrxmega3/short-calls\libgcc.a(_prologue.o)
 .text.libgcc.div
                0x00000000        0x0 c:/program files (x86)/atmel/studio/7.0/toolchain/avr8/avr8-gnu-toolchain/bin/../lib/gcc/avr/5.4.0/avrxmega3/short-calls\libgcc.a(_prologue.o)
 .text.libgcc   0x00000000        0x0 c:/program files (x86)/atmel/studio/7.0/toolchain/avr8/avr8-gnu-toolchain/bin/../lib/gcc/avr/5.4.0/avrxmega3/short-calls\libgcc.a(_prologue.o)
 .text.libgcc.builtins
                0x00000000        0x0 c:/program files (x86)/atmel/studio/7.0/toolchain/avr8/avr8-gnu-toolchain/bin/../lib/gcc/avr/5.4.0/avrxmega3/short-calls\libgcc.a(_prologue.o)
 .text.libgcc.fmul
                0x00000000        0x0 c:/program files (x86)/atmel/studio/7.0/toolchain/avr8/avr8-gnu-toolchain/bin/../lib/gcc/avr/5.4.0/avrxmega3/short-calls\libgcc.a(_prologue.o)
 .text.libgcc.fixed
                0x00000000        0x0 c:/program files (x86)/atmel/studio/7.0/toolchain/avr8/avr8-gnu-toolchain/bin/../lib/gcc/avr/5.4.0/avrxmega3/short-calls\libgcc.a(_prologue.o)
 .text          0x00000000        0x0 c:/program files (x86)/atmel/studio/7.0/toolchain/avr8/avr8-gnu-toolchain/bin/../lib/gcc/avr/5.4.0/avrxmega3/short-calls\libgcc.a(_epilogue.o)
 .data          0x00000000        0x0 c:/program files (x86)/atmel/studio/7.0/toolchain/avr8/avr8-gnu-toolchain/bin/../lib/gcc/avr/5.4.0/avrxmega3/short-calls\libgcc.a(_epilogue.o)
 .bss           0x00000000        0x0 c:/program files (x86)/atmel/studio/7.0/toolchain/avr8/avr8-gnu-toolchain/bin/../lib/gcc/avr/5.4.0/avrxmega3/short-calls\libgcc.a(_epilogue.o)
 .text.libgcc.mul
                0x00000000        0x0 c:/program files (x86)/atmel/studio/7.0/toolchain/avr8/avr8-gnu-toolchain/bin/../lib/gcc/avr/5.4.0/avrxmega3/short-calls\libgcc.a(_epilogue.o)
 .text.libgcc.div
                0x00000000        0x0 c:/program files (x86)/atmel/studio/7.0/toolchain/avr8/avr8-gnu-toolchain/bin/../lib/gcc/avr/5.4.0/avrxmega3/short-calls\libgcc.a(_epilogue.o)
 .text.libgcc   0x00000000        0x0 c:/program files (x86)/atmel/studio/7.0/toolchain/avr8/avr8-gnu-toolchain/bin/../lib/gcc/avr/5.4.0/avrxmega3/short-calls\libgcc.a(_epilogue.o)
 .text.libgcc.builtins
                0x00000000        0x0 c:/program files (x86)/atmel/studio/7.0/toolchain/avr8/avr8-gnu-toolchain/bin/../lib/gcc/avr/5.4.0/avrxmega3/short-calls\libgcc.a(_epilogue.o)
 .text.libgcc.fmul
                0x00000000        0x0 c:/program files (x86)/atmel/studio/7.0/toolchain/avr8/avr8-gnu-toolchain/bin/../lib/gcc/avr/5.4.0/avrxmega3/short-calls\libgcc.a(_epilogue.o)
 .text.libgcc.fixed
                0x00000000        0x0 c:/program files (x86)/atmel/studio/7.0/toolchain/avr8/avr8-gnu-toolchain/bin/../lib/gcc/avr/5.4.0/avrxmega3/short-calls\libgcc.a(_epilogue.o)

Memory Configuration

Name             Origin             Length             Attributes
text             0x00000000         0x00002000         xr
data             0x00803e00         0x00000200         rw !x
eeprom           0x00810000         0x00000080         rw !x
fuse             0x00820000         0x0000000a         rw !x
lock             0x00830000         0x00000400         rw !x
signature        0x00840000         0x00000400         rw !x
user_signatures  0x00850000         0x00000400         rw !x
*default*        0x00000000         0xffffffff

Linker script and memory map

Address of section .data set to 0x803e00
                0x00008000                __RODATA_PM_OFFSET__ = 0x8000
LOAD C:/Program Files (x86)/Atmel/Studio/7.0/Packs/atmel/ATtiny_DFP/1.4.283/gcc/dev/attiny814/avrxmega3/short-calls/crtattiny814.o
LOAD atmel_start.o
LOAD driver_isr.o
LOAD examples/src/touch_example.o
LOAD examples/src/usart_basic_example.o
LOAD main.o
LOAD qtouch/datastreamer/datastreamer_UART_avr.o
LOAD qtouch/touch.o
LOAD src/bod.o
LOAD src/clkctrl.o
LOAD src/cpuint.o
LOAD src/driver_init.o
LOAD src/protected_io.o
LOAD src/rtc.o
LOAD src/slpctrl.o
LOAD src/usart_basic.o
START GROUP
LOAD ../qtouch/lib/gcc\libqtm_touch_key_t814_0x0002.a
LOAD ../qtouch/lib/gcc\libqtm_binding_layer_t814_0x0005.a
LOAD ../qtouch/lib/gcc\libqtm_acq_runtime_t814_0x0008.a
LOAD c:/program files (x86)/atmel/studio/7.0/toolchain/avr8/avr8-gnu-toolchain/bin/../lib/gcc/avr/5.4.0/../../../../avr/lib/avrxmega3/short-calls\libm.a
END GROUP
START GROUP
LOAD c:/program files (x86)/atmel/studio/7.0/toolchain/avr8/avr8-gnu-toolchain/bin/../lib/gcc/avr/5.4.0/avrxmega3/short-calls\libgcc.a
LOAD c:/program files (x86)/atmel/studio/7.0/toolchain/avr8/avr8-gnu-toolchain/bin/../lib/gcc/avr/5.4.0/../../../../avr/lib/avrxmega3/short-calls\libm.a
LOAD c:/program files (x86)/atmel/studio/7.0/toolchain/avr8/avr8-gnu-toolchain/bin/../lib/gcc/avr/5.4.0/../../../../avr/lib/avrxmega3/short-calls\libc.a
LOAD C:/Program Files (x86)/Atmel/Studio/7.0/Packs/atmel/ATtiny_DFP/1.4.283/gcc/dev/attiny814/avrxmega3/short-calls\libattiny814.a
END GROUP
                [0x00000000]                __TEXT_REGION_ORIGIN__ = DEFINED (__TEXT_REGION_ORIGIN__)?__TEXT_REGION_ORIGIN__:0x0
                [0x00803e00]                __DATA_REGION_ORIGIN__ = DEFINED (__DATA_REGION_ORIGIN__)?__DATA_REGION_ORIGIN__:0x802000
                [0x00002000]                __TEXT_REGION_LENGTH__ = DEFINED (__TEXT_REGION_LENGTH__)?__TEXT_REGION_LENGTH__:0x100000
                [0x00000200]                __DATA_REGION_LENGTH__ = DEFINED (__DATA_REGION_LENGTH__)?__DATA_REGION_LENGTH__:0xffa0
                [0x00000080]                __EEPROM_REGION_LENGTH__ = DEFINED (__EEPROM_REGION_LENGTH__)?__EEPROM_REGION_LENGTH__:0x10000
                [0x0000000a]                __FUSE_REGION_LENGTH__ = DEFINED (__FUSE_REGION_LENGTH__)?__FUSE_REGION_LENGTH__:0x400
                0x00000400                __LOCK_REGION_LENGTH__ = DEFINED (__LOCK_REGION_LENGTH__)?__LOCK_REGION_LENGTH__:0x400
                0x00000400                __SIGNATURE_REGION_LENGTH__ = DEFINED (__SIGNATURE_REGION_LENGTH__)?__SIGNATURE_REGION_LENGTH__:0x400
                0x00000400                __USER_SIGNATURE_REGION_LENGTH__ = DEFINED (__USER_SIGNATURE_REGION_LENGTH__)?__USER_SIGNATURE_REGION_LENGTH__:0x400
                0x00008000                __RODATA_PM_OFFSET__ = DEFINED (__RODATA_PM_OFFSET__)?__RODATA_PM_OFFSET__:0x8000

.hash
 *(.hash)

.dynsym
 *(.dynsym)

.dynstr
 *(.dynstr)

.gnu.version
 *(.gnu.version)

.gnu.version_d
 *(.gnu.version_d)

.gnu.version_r
 *(.gnu.version_r)

.rel.init
 *(.rel.init)

.rela.init
 *(.rela.init)

.rel.text
 *(.rel.text)
 *(.rel.text.*)
 *(.rel.gnu.linkonce.t*)

.rela.text
 *(.rela.text)
 *(.rela.text.*)
 *(.rela.gnu.linkonce.t*)

.rel.fini
 *(.rel.fini)

.rela.fini
 *(.rela.fini)

.rel.rodata
 *(.rel.rodata)
 *(.rel.rodata.*)
 *(.rel.gnu.linkonce.r*)

.rela.rodata
 *(.rela.rodata)
 *(.rela.rodata.*)
 *(.rela.gnu.linkonce.r*)

.rel.data
 *(.rel.data)
 *(.rel.data.*)
 *(.rel.gnu.linkonce.d*)

.rela.data
 *(.rela.data)
 *(.rela.data.*)
 *(.rela.gnu.linkonce.d*)

.rel.ctors
 *(.rel.ctors)

.rela.ctors
 *(.rela.ctors)

.rel.dtors
 *(.rel.dtors)

.rela.dtors
 *(.rela.dtors)

.rel.got
 *(.rel.got)

.rela.got
 *(.rela.got)

.rel.bss
 *(.rel.bss)

.rela.bss
 *(.rela.bss)

.rel.plt
 *(.rel.plt)

.rela.plt
 *(.rela.plt)

.text           0x00000000     0x19c0
 *(.vectors)
 .vectors       0x00000000       0x34 C:/Program Files (x86)/Atmel/Studio/7.0/Packs/atmel/ATtiny_DFP/1.4.283/gcc/dev/attiny814/avrxmega3/short-calls/crtattiny814.o
                0x00000000                __vector_default
                0x00000000                __vectors
 *(.vectors)
 *(.progmem.gcc*)
                0x00000034                . = ALIGN (0x2)
                0x00000034                __trampolines_start = .
 *(.trampolines)
 .trampolines   0x00000034        0x0 linker stubs
 *(.trampolines*)
                0x00000034                __trampolines_end = .
 *libprintf_flt.a:*(.progmem.data)
 *libc.a:*(.progmem.data)
 *(.progmem*)
                0x00000034                . = ALIGN (0x2)
 *(.jumptables)
 *(.jumptables*)
 *(.lowtext)
 *(.lowtext*)
                0x00000034                __ctors_start = .
 *(.ctors)
                0x00000034                __ctors_end = .
                0x00000034                __dtors_start = .
 *(.dtors)
                0x00000034                __dtors_end = .
 SORT(*)(.ctors)
 SORT(*)(.dtors)
 *(.init0)
 .init0         0x00000034        0x0 C:/Program Files (x86)/Atmel/Studio/7.0/Packs/atmel/ATtiny_DFP/1.4.283/gcc/dev/attiny814/avrxmega3/short-calls/crtattiny814.o
                0x00000034                __init
 *(.init0)
 *(.init1)
 *(.init1)
 *(.init2)
 .init2         0x00000034        0xc C:/Program Files (x86)/Atmel/Studio/7.0/Packs/atmel/ATtiny_DFP/1.4.283/gcc/dev/attiny814/avrxmega3/short-calls/crtattiny814.o
 *(.init2)
 *(.init3)
 *(.init3)
 *(.init4)
 .init4         0x00000040       0x16 c:/program files (x86)/atmel/studio/7.0/toolchain/avr8/avr8-gnu-toolchain/bin/../lib/gcc/avr/5.4.0/avrxmega3/short-calls\libgcc.a(_copy_data.o)
                0x00000040                __do_copy_data
 .init4         0x00000056       0x10 c:/program files (x86)/atmel/studio/7.0/toolchain/avr8/avr8-gnu-toolchain/bin/../lib/gcc/avr/5.4.0/avrxmega3/short-calls\libgcc.a(_clear_bss.o)
                0x00000056                __do_clear_bss
 *(.init4)
 *(.init5)
 *(.init5)
 *(.init6)
 *(.init6)
 *(.init7)
 *(.init7)
 *(.init8)
 *(.init8)
 *(.init9)
 .init9         0x00000066        0x4 C:/Program Files (x86)/Atmel/Studio/7.0/Packs/atmel/ATtiny_DFP/1.4.283/gcc/dev/attiny814/avrxmega3/short-calls/crtattiny814.o
 *(.init9)
 *(.text)
 .text          0x0000006a        0x2 C:/Program Files (x86)/Atmel/Studio/7.0/Packs/atmel/ATtiny_DFP/1.4.283/gcc/dev/attiny814/avrxmega3/short-calls/crtattiny814.o
                0x0000006a                __vector_22
                0x0000006a                __vector_1
                0x0000006a                __vector_24
                0x0000006a                __vector_12
                0x0000006a                __bad_interrupt
                0x0000006a                __vector_3
                0x0000006a                __vector_23
                0x0000006a                __vector_25
                0x0000006a                __vector_11
                0x0000006a                __vector_13
                0x0000006a                __vector_19
                0x0000006a                __vector_7
                0x0000006a                __vector_5
                0x0000006a                __vector_4
                0x0000006a                __vector_9
                0x0000006a                __vector_2
                0x0000006a                __vector_21
                0x0000006a                __vector_15
                0x0000006a                __vector_8
                0x0000006a                __vector_14
                0x0000006a                __vector_10
                0x0000006a                __vector_16
                0x0000006a                __vector_18
                0x0000006a                __vector_20
                0x0000006c                . = ALIGN (0x2)
 *(.text.*)
 .text.atmel_start_init
                0x0000006c        0x6 atmel_start.o
                0x0000006c                atmel_start_init
 .text.__vector_6
                0x00000072       0x4c driver_isr.o
                0x00000072                __vector_6
 .text.main     0x000000be       0xd6 main.o
                0x000000be                main
 .text.datastreamer_init
                0x00000194        0x2 qtouch/datastreamer/datastreamer_UART_avr.o
                0x00000194                datastreamer_init
 .text.datastreamer_output
                0x00000196       0x74 qtouch/datastreamer/datastreamer_UART_avr.o
                0x00000196                datastreamer_output
 .text.qtm_measure_complete_callback
                0x0000020a        0x8 qtouch/touch.o
 .text.Timer_set_period
                0x00000212       0x16 qtouch/touch.o
                0x00000212                Timer_set_period
 .text.touch_init
                0x00000228       0x46 qtouch/touch.o
                0x00000228                touch_init
 .text.touch_process
                0x0000026e       0x68 qtouch/touch.o
                0x0000026e                touch_process
 .text.touch_timer_handler
                0x000002d6       0x22 qtouch/touch.o
                0x000002d6                touch_timer_handler
 .text.get_sensor_node_signal
                0x000002f8       0x1a qtouch/touch.o
                0x000002f8                get_sensor_node_signal
 .text.get_sensor_node_reference
                0x00000312       0x1a qtouch/touch.o
                0x00000312                get_sensor_node_reference
 .text.get_sensor_cc_val
                0x0000032c       0x1a qtouch/touch.o
                0x0000032c                get_sensor_cc_val
 .text.get_sensor_state
                0x00000346       0x1e qtouch/touch.o
                0x00000346                get_sensor_state
 .text.calibrate_node
                0x00000364       0x2e qtouch/touch.o
                0x00000364                calibrate_node
 .text.__vector_17
                0x00000392       0x46 qtouch/touch.o
                0x00000392                __vector_17
 .text.BOD_init
                0x000003d8        0x4 src/bod.o
                0x000003d8                BOD_init
 .text.CLKCTRL_init
                0x000003dc        0xe src/clkctrl.o
                0x000003dc                CLKCTRL_init
 .text.CPUINT_init
                0x000003ea        0x6 src/cpuint.o
                0x000003ea                CPUINT_init
 .text.mcu_init
                0x000003f0       0x26 src/driver_init.o
                0x000003f0                mcu_init
 .text.USART_0_initialization
                0x00000416       0x14 src/driver_init.o
                0x00000416                USART_0_initialization
 .text.system_init
                0x0000042a       0x10 src/driver_init.o
                0x0000042a                system_init
 .text.protected_write_io
                0x0000043a        0x8 src/protected_io.o
                0x0000043a                protected_write_io
 .text.Timer_init
                0x00000442       0x1a src/rtc.o
                0x00000442                Timer_init
 .text.SLPCTRL_init
                0x0000045c        0x4 src/slpctrl.o
                0x0000045c                SLPCTRL_init
 .text.USART_0_init
                0x00000460       0x20 src/usart_basic.o
                0x00000460                USART_0_init
 .text.USART_0_write
                0x00000480       0x10 src/usart_basic.o
                0x00000480                USART_0_write
 .text.USART_0_printCHAR
                0x00000490        0x8 src/usart_basic.o
                0x00000490                USART_0_printCHAR
 .text.check_for_aks_block
                0x00000498       0xd2 ../qtouch/lib/gcc\libqtm_touch_key_t814_0x0002.a(avr_touch_key_g_t814.o)
 .text.qtm_update_qtlib_timer
                0x0000056a       0x16 ../qtouch/lib/gcc\libqtm_touch_key_t814_0x0002.a(avr_touch_key_g_t814.o)
                0x0000056a                qtm_update_qtlib_timer
 .text.qtm_init_sensor_key
                0x00000580       0x3e ../qtouch/lib/gcc\libqtm_touch_key_t814_0x0002.a(avr_touch_key_g_t814.o)
                0x00000580                qtm_init_sensor_key
 .text.qtm_key_sensors_process
                0x000005be      0x748 ../qtouch/lib/gcc\libqtm_touch_key_t814_0x0002.a(avr_touch_key_g_t814.o)
                0x000005be                qtm_key_sensors_process
 .text.select_next_channel_to_measure
                0x00000d06       0x66 ../qtouch/lib/gcc\libqtm_acq_runtime_t814_0x0008.a(avr_acq_runtime_g_t814.o)
 .text.qtm_measure_node
                0x00000d6c      0x108 ../qtouch/lib/gcc\libqtm_acq_runtime_t814_0x0008.a(avr_acq_runtime_g_t814.o)
 .text.qtm_acquisition_process
                0x00000e74      0x2fc ../qtouch/lib/gcc\libqtm_acq_runtime_t814_0x0008.a(avr_acq_runtime_g_t814.o)
                0x00000e74                qtm_acquisition_process
 .text.qtm_ptc_init_acquisition_module
                0x00001170       0x70 ../qtouch/lib/gcc\libqtm_acq_runtime_t814_0x0008.a(avr_acq_runtime_g_t814.o)
                0x00001170                qtm_ptc_init_acquisition_module
 .text.qtm_ptc_qtlib_assign_signal_memory
                0x000011e0       0x14 ../qtouch/lib/gcc\libqtm_acq_runtime_t814_0x0008.a(avr_acq_runtime_g_t814.o)
                0x000011e0                qtm_ptc_qtlib_assign_signal_memory
 .text.qtm_ptc_start_measurement_seq
                0x000011f4       0xc8 ../qtouch/lib/gcc\libqtm_acq_runtime_t814_0x0008.a(avr_acq_runtime_g_t814.o)
                0x000011f4                qtm_ptc_start_measurement_seq
 .text.qtm_enable_sensor_node
                0x000012bc       0x3e ../qtouch/lib/gcc\libqtm_acq_runtime_t814_0x0008.a(avr_acq_runtime_g_t814.o)
                0x000012bc                qtm_enable_sensor_node
 .text.qtm_calibrate_sensor_node
                0x000012fa       0x82 ../qtouch/lib/gcc\libqtm_acq_runtime_t814_0x0008.a(avr_acq_runtime_g_t814.o)
                0x000012fa                qtm_calibrate_sensor_node
 .text.qtm_t81x_ptc_handler_eoc
                0x0000137c       0x54 ../qtouch/lib/gcc\libqtm_acq_runtime_t814_0x0008.a(avr_acq_runtime_g_t814.o)
                0x0000137c                qtm_t81x_ptc_handler_eoc
 .text.avr-libc
                0x000013d0       0x26 c:/program files (x86)/atmel/studio/7.0/toolchain/avr8/avr8-gnu-toolchain/bin/../lib/gcc/avr/5.4.0/../../../../avr/lib/avrxmega3/short-calls\libc.a(printf.o)
                0x000013d0                printf
 .text.avr-libc
                0x000013f6       0x60 c:/program files (x86)/atmel/studio/7.0/toolchain/avr8/avr8-gnu-toolchain/bin/../lib/gcc/avr/5.4.0/../../../../avr/lib/avrxmega3/short-calls\libc.a(puts.o)
                0x000013f6                puts
 .text.avr-libc
                0x00001456      0x3a4 c:/program files (x86)/atmel/studio/7.0/toolchain/avr8/avr8-gnu-toolchain/bin/../lib/gcc/avr/5.4.0/../../../../avr/lib/avrxmega3/short-calls\libc.a(vfprintf_std.o)
                0x00001456                vfprintf
 .text.avr-libc
                0x000017fa       0x16 c:/program files (x86)/atmel/studio/7.0/toolchain/avr8/avr8-gnu-toolchain/bin/../lib/gcc/avr/5.4.0/../../../../avr/lib/avrxmega3/short-calls\libc.a(strnlen_P.o)
                0x000017fa                strnlen_P
 .text.avr-libc
                0x00001810       0x16 c:/program files (x86)/atmel/studio/7.0/toolchain/avr8/avr8-gnu-toolchain/bin/../lib/gcc/avr/5.4.0/../../../../avr/lib/avrxmega3/short-calls\libc.a(strnlen.o)
                0x00001810                strnlen
 .text.avr-libc
                0x00001826       0x78 c:/program files (x86)/atmel/studio/7.0/toolchain/avr8/avr8-gnu-toolchain/bin/../lib/gcc/avr/5.4.0/../../../../avr/lib/avrxmega3/short-calls\libc.a(fputc.o)
                0x00001826                fputc
 .text.avr-libc
                0x0000189e       0xbc c:/program files (x86)/atmel/studio/7.0/toolchain/avr8/avr8-gnu-toolchain/bin/../lib/gcc/avr/5.4.0/../../../../avr/lib/avrxmega3/short-calls\libc.a(ultoa_invert.o)
                0x0000189e                __ultoa_invert
 .text.libgcc.prologue
                0x0000195a       0x32 c:/program files (x86)/atmel/studio/7.0/toolchain/avr8/avr8-gnu-toolchain/bin/../lib/gcc/avr/5.4.0/avrxmega3/short-calls\libgcc.a(_prologue.o)
                0x0000195a                __prologue_saves__
 .text.libgcc.prologue
                0x0000198c       0x30 c:/program files (x86)/atmel/studio/7.0/toolchain/avr8/avr8-gnu-toolchain/bin/../lib/gcc/avr/5.4.0/avrxmega3/short-calls\libgcc.a(_epilogue.o)
                0x0000198c                __epilogue_restores__
                0x000019bc                . = ALIGN (0x2)
 *(.fini9)
 .fini9         0x000019bc        0x0 c:/program files (x86)/atmel/studio/7.0/toolchain/avr8/avr8-gnu-toolchain/bin/../lib/gcc/avr/5.4.0/avrxmega3/short-calls\libgcc.a(_exit.o)
                0x000019bc                _exit
                0x000019bc                exit
 *(.fini9)
 *(.fini8)
 *(.fini8)
 *(.fini7)
 *(.fini7)
 *(.fini6)
 *(.fini6)
 *(.fini5)
 *(.fini5)
 *(.fini4)
 *(.fini4)
 *(.fini3)
 *(.fini3)
 *(.fini2)
 *(.fini2)
 *(.fini1)
 *(.fini1)
 *(.fini0)
 .fini0         0x000019bc        0x4 c:/program files (x86)/atmel/studio/7.0/toolchain/avr8/avr8-gnu-toolchain/bin/../lib/gcc/avr/5.4.0/avrxmega3/short-calls\libgcc.a(_exit.o)
 *(.fini0)
                0x000019c0                _etext = .

.rodata         0x000099c0       0x36 load address 0x000019c0
 *(.rodata)
 *(.rodata*)
 .rodata.str1.1
                0x000099c0       0x30 main.o
 .rodata.gain_setting_int_cap
                0x000099f0        0x6 ../qtouch/lib/gcc\libqtm_acq_runtime_t814_0x0008.a(avr_acq_runtime_g_t814.o)
 *(.gnu.linkonce.r*)

.data           0x00803e00       0x36 load address 0x000019f6
                0x00803e00                PROVIDE (__data_start, .)
 *(.data)
 *(.data*)
 .data.qtlib_key_set1
                0x00803e00        0x8 qtouch/touch.o
                0x00803e00                qtlib_key_set1
 .data.qtlib_key_configs_set1
                0x00803e08        0x3 qtouch/touch.o
                0x00803e08                qtlib_key_configs_set1
 .data.qtlib_key_grp_config_set1
                0x00803e0b        0xa qtouch/touch.o
                0x00803e0b                qtlib_key_grp_config_set1
 .data.qtlib_acq_set1
                0x00803e15        0x6 qtouch/touch.o
                0x00803e15                qtlib_acq_set1
 .data.ptc_seq_node_cfg1
                0x00803e1b        0x6 qtouch/touch.o
                0x00803e1b                ptc_seq_node_cfg1
 .data.ptc_qtlib_acq_gen1
                0x00803e21        0x5 qtouch/touch.o
                0x00803e21                ptc_qtlib_acq_gen1
 .data.USART_0_stream
                0x00803e26        0xe src/usart_basic.o
                0x00803e26                USART_0_stream
 .data.qtm_which_mode_current
                0x00803e34        0x1 ../qtouch/lib/gcc\libqtm_acq_runtime_t814_0x0008.a(avr_acq_runtime_g_t814.o)
                0x00803e34                qtm_which_mode_current
 *(.gnu.linkonce.d*)
                0x00803e36                . = ALIGN (0x2)
 *fill*         0x00803e35        0x1 
                0x00803e36                _edata = .
                0x00803e36                PROVIDE (__data_end, .)

.bss            0x00803e36       0x2a
                0x00803e36                PROVIDE (__bss_start, .)
 *(.bss)
 *(.bss*)
 .bss.sequence.3851
                0x00803e36        0x1 qtouch/datastreamer/datastreamer_UART_avr.o
 .bss.module_error_code
                0x00803e37        0x1 qtouch/touch.o
                0x00803e37                module_error_code
 .bss.measurement_done_touch
                0x00803e38        0x1 qtouch/touch.o
                0x00803e38                measurement_done_touch
 .bss.touch_postprocess_request
                0x00803e39        0x1 qtouch/touch.o
                0x00803e39                touch_postprocess_request
 .bss.time_to_measure_touch_flag
                0x00803e3a        0x1 qtouch/touch.o
                0x00803e3a                time_to_measure_touch_flag
 .bss.qtm_local_ms_timecount
                0x00803e3b        0x2 ../qtouch/lib/gcc\libqtm_touch_key_t814_0x0002.a(avr_touch_key_g_t814.o)
                0x00803e3b                qtm_local_ms_timecount
 .bss.ptc_seq_measure_complete_pointer
                0x00803e3d        0x2 ../qtouch/lib/gcc\libqtm_acq_runtime_t814_0x0008.a(avr_acq_runtime_g_t814.o)
 .bss.touch_seq_lib_state
                0x00803e3f        0x1 ../qtouch/lib/gcc\libqtm_acq_runtime_t814_0x0008.a(avr_acq_runtime_g_t814.o)
 .bss.current_measure_channel
                0x00803e40        0x2 ../qtouch/lib/gcc\libqtm_acq_runtime_t814_0x0008.a(avr_acq_runtime_g_t814.o)
 *(COMMON)
 COMMON         0x00803e42       0x14 qtouch/touch.o
                0x00803e42                qtlib_key_grp_data_set1
                0x00803e48                interrupt_cnt
                0x00803e49                ptc_qtlib_node_stat1
                0x00803e4e                touch_acq_signals_raw
                0x00803e50                qtlib_key_data_set1
 COMMON         0x00803e56        0x4 ../qtouch/lib/gcc\libqtm_acq_runtime_t814_0x0008.a(avr_acq_runtime_g_t814.o)
                0x00803e56                qtm_acquisition_control_working_set_ptr
                0x00803e58                qtm_raw_data_measurements_ptr
 COMMON         0x00803e5a        0x6 c:/program files (x86)/atmel/studio/7.0/toolchain/avr8/avr8-gnu-toolchain/bin/../lib/gcc/avr/5.4.0/../../../../avr/lib/avrxmega3/short-calls\libc.a(iob.o)
                0x00803e5a                __iob
                0x00803e60                PROVIDE (__bss_end, .)
                0x000019f6                __data_load_start = LOADADDR (.data)
                0x00001a2c                __data_load_end = (__data_load_start + SIZEOF (.data))

.noinit         0x00803e60        0x0
                [!provide]                PROVIDE (__noinit_start, .)
 *(.noinit*)
                [!provide]                PROVIDE (__noinit_end, .)
                0x00803e60                _end = .
                [!provide]                PROVIDE (__heap_start, .)

.eeprom         0x00810000        0x0
 *(.eeprom*)
                0x00810000                __eeprom_end = .

.fuse
 *(.fuse)
 *(.lfuse)
 *(.hfuse)
 *(.efuse)

.lock
 *(.lock*)

.signature
 *(.signature*)

.user_signatures
 *(.user_signatures*)

.stab
 *(.stab)

.stabstr
 *(.stabstr)

.stab.excl
 *(.stab.excl)

.stab.exclstr
 *(.stab.exclstr)

.stab.index
 *(.stab.index)

.stab.indexstr
 *(.stab.indexstr)

.comment        0x00000000       0x8c
 *(.comment)
 .comment       0x00000000       0x30 atmel_start.o
                                 0x31 (size before relaxing)
 .comment       0x00000030       0x31 driver_isr.o
 .comment       0x00000030       0x31 main.o
 .comment       0x00000030       0x31 qtouch/datastreamer/datastreamer_UART_avr.o
 .comment       0x00000030       0x31 qtouch/touch.o
 .comment       0x00000030       0x31 src/bod.o
 .comment       0x00000030       0x31 src/clkctrl.o
 .comment       0x00000030       0x31 src/cpuint.o
 .comment       0x00000030       0x31 src/driver_init.o
 .comment       0x00000030       0x31 src/rtc.o
 .comment       0x00000030       0x31 src/slpctrl.o
 .comment       0x00000030       0x31 src/usart_basic.o
 .comment       0x00000030       0x30 ../qtouch/lib/gcc\libqtm_touch_key_t814_0x0002.a(avr_touch_key_g_t814.o)
                                 0x31 (size before relaxing)
 .comment       0x00000060       0x31 ../qtouch/lib/gcc\libqtm_acq_runtime_t814_0x0008.a(avr_acq_runtime_g_t814.o)
 .comment       0x00000060       0x31 c:/program files (x86)/atmel/studio/7.0/toolchain/avr8/avr8-gnu-toolchain/bin/../lib/gcc/avr/5.4.0/../../../../avr/lib/avrxmega3/short-calls\libc.a(iob.o)
 .comment       0x00000060       0x31 c:/program files (x86)/atmel/studio/7.0/toolchain/avr8/avr8-gnu-toolchain/bin/../lib/gcc/avr/5.4.0/../../../../avr/lib/avrxmega3/short-calls\libc.a(printf.o)
 .comment       0x00000060       0x31 c:/program files (x86)/atmel/studio/7.0/toolchain/avr8/avr8-gnu-toolchain/bin/../lib/gcc/avr/5.4.0/../../../../avr/lib/avrxmega3/short-calls\libc.a(puts.o)
 .comment       0x00000060       0x2c c:/program files (x86)/atmel/studio/7.0/toolchain/avr8/avr8-gnu-toolchain/bin/../lib/gcc/avr/5.4.0/../../../../avr/lib/avrxmega3/short-calls\libc.a(vfprintf_std.o)
                                 0x2d (size before relaxing)
 .comment       0x0000008c       0x31 c:/program files (x86)/atmel/studio/7.0/toolchain/avr8/avr8-gnu-toolchain/bin/../lib/gcc/avr/5.4.0/../../../../avr/lib/avrxmega3/short-calls\libc.a(fputc.o)

.note.gnu.avr.deviceinfo
                0x00000000       0x3c
 .note.gnu.avr.deviceinfo
                0x00000000       0x3c C:/Program Files (x86)/Atmel/Studio/7.0/Packs/atmel/ATtiny_DFP/1.4.283/gcc/dev/attiny814/avrxmega3/short-calls/crtattiny814.o

.note.gnu.build-id
 *(.note.gnu.build-id)

.debug
 *(.debug)

.line
 *(.line)

.debug_srcinfo
 *(.debug_srcinfo)

.debug_sfnames
 *(.debug_sfnames)

.debug_aranges  0x00000000      0x290
 *(.debug_aranges)
 .debug_aranges
                0x00000000       0x20 atmel_start.o
 .debug_aranges
                0x00000020       0x20 driver_isr.o
 .debug_aranges
                0x00000040       0x20 main.o
 .debug_aranges
                0x00000060       0x30 qtouch/datastreamer/datastreamer_UART_avr.o
 .debug_aranges
                0x00000090       0x90 qtouch/touch.o
 .debug_aranges
                0x00000120       0x20 src/bod.o
 .debug_aranges
                0x00000140       0x20 src/clkctrl.o
 .debug_aranges
                0x00000160       0x20 src/cpuint.o
 .debug_aranges
                0x00000180       0x30 src/driver_init.o
 .debug_aranges
                0x000001b0       0x20 src/protected_io.o
 .debug_aranges
                0x000001d0       0x20 src/rtc.o
 .debug_aranges
                0x000001f0       0x28 src/slpctrl.o
 .debug_aranges
                0x00000218       0x78 src/usart_basic.o

.debug_pubnames
 *(.debug_pubnames)

.debug_info     0x00000000     0x4354
 *(.debug_info .gnu.linkonce.wi.*)
 .debug_info    0x00000000     0x1566 C:/Program Files (x86)/Atmel/Studio/7.0/Packs/atmel/ATtiny_DFP/1.4.283/gcc/dev/attiny814/avrxmega3/short-calls/crtattiny814.o
 .debug_info    0x00001566       0xb0 atmel_start.o
 .debug_info    0x00001616      0x2ff driver_isr.o
 .debug_info    0x00001915      0x290 main.o
 .debug_info    0x00001ba5      0x238 qtouch/datastreamer/datastreamer_UART_avr.o
 .debug_info    0x00001ddd     0x1215 qtouch/touch.o
 .debug_info    0x00002ff2       0x8d src/bod.o
 .debug_info    0x0000307f      0x2b5 src/clkctrl.o
 .debug_info    0x00003334       0x8d src/cpuint.o
 .debug_info    0x000033c1      0x5b6 src/driver_init.o
 .debug_info    0x00003977       0x97 src/protected_io.o
 .debug_info    0x00003a0e      0x364 src/rtc.o
 .debug_info    0x00003d72      0x14b src/slpctrl.o
 .debug_info    0x00003ebd      0x497 src/usart_basic.o

.debug_abbrev   0x00000000     0x223f
 *(.debug_abbrev)
 .debug_abbrev  0x00000000     0x143e C:/Program Files (x86)/Atmel/Studio/7.0/Packs/atmel/ATtiny_DFP/1.4.283/gcc/dev/attiny814/avrxmega3/short-calls/crtattiny814.o
 .debug_abbrev  0x0000143e       0x63 atmel_start.o
 .debug_abbrev  0x000014a1       0xeb driver_isr.o
 .debug_abbrev  0x0000158c      0x10f main.o
 .debug_abbrev  0x0000169b      0x142 qtouch/datastreamer/datastreamer_UART_avr.o
 .debug_abbrev  0x000017dd      0x318 qtouch/touch.o
 .debug_abbrev  0x00001af5       0x51 src/bod.o
 .debug_abbrev  0x00001b46      0x117 src/clkctrl.o
 .debug_abbrev  0x00001c5d       0x51 src/cpuint.o
 .debug_abbrev  0x00001cae      0x1b4 src/driver_init.o
 .debug_abbrev  0x00001e62       0x14 src/protected_io.o
 .debug_abbrev  0x00001e76       0xe6 src/rtc.o
 .debug_abbrev  0x00001f5c       0xd6 src/slpctrl.o
 .debug_abbrev  0x00002032      0x20d src/usart_basic.o

.debug_line     0x00000000     0x1361
 *(.debug_line .debug_line.* .debug_line_end)
 .debug_line    0x00000000      0x136 C:/Program Files (x86)/Atmel/Studio/7.0/Packs/atmel/ATtiny_DFP/1.4.283/gcc/dev/attiny814/avrxmega3/short-calls/crtattiny814.o
 .debug_line    0x00000136       0x8b atmel_start.o
 .debug_line    0x000001c1      0x138 driver_isr.o
 .debug_line    0x000002f9      0x152 main.o
 .debug_line    0x0000044b      0x17d qtouch/datastreamer/datastreamer_UART_avr.o
 .debug_line    0x000005c8      0x3ec qtouch/touch.o
 .debug_line    0x000009b4       0xa2 src/bod.o
 .debug_line    0x00000a56      0x136 src/clkctrl.o
 .debug_line    0x00000b8c       0xab src/cpuint.o
 .debug_line    0x00000c37      0x22d src/driver_init.o
 .debug_line    0x00000e64       0x55 src/protected_io.o
 .debug_line    0x00000eb9      0x120 src/rtc.o
 .debug_line    0x00000fd9      0x11c src/slpctrl.o
 .debug_line    0x000010f5      0x26c src/usart_basic.o

.debug_frame    0x00000000      0x44c
 *(.debug_frame)
 .debug_frame   0x00000000       0x24 atmel_start.o
 .debug_frame   0x00000024       0x6c driver_isr.o
 .debug_frame   0x00000090       0x34 main.o
 .debug_frame   0x000000c4       0x54 qtouch/datastreamer/datastreamer_UART_avr.o
 .debug_frame   0x00000118      0x158 qtouch/touch.o
 .debug_frame   0x00000270       0x24 src/bod.o
 .debug_frame   0x00000294       0x24 src/clkctrl.o
 .debug_frame   0x000002b8       0x24 src/cpuint.o
 .debug_frame   0x000002dc       0x44 src/driver_init.o
 .debug_frame   0x00000320       0x24 src/rtc.o
 .debug_frame   0x00000344       0x34 src/slpctrl.o
 .debug_frame   0x00000378       0xd4 src/usart_basic.o

.debug_str      0x00000000     0x21b1
 *(.debug_str)
 .debug_str     0x00000000      0x921 C:/Program Files (x86)/Atmel/Studio/7.0/Packs/atmel/ATtiny_DFP/1.4.283/gcc/dev/attiny814/avrxmega3/short-calls/crtattiny814.o
 .debug_str     0x00000921      0x190 atmel_start.o
                                0x1c4 (size before relaxing)
 .debug_str     0x00000ab1       0xf7 driver_isr.o
                                0x2a6 (size before relaxing)
 .debug_str     0x00000ba8       0x98 main.o
                                0x24d (size before relaxing)
 .debug_str     0x00000c40      0x13c qtouch/datastreamer/datastreamer_UART_avr.o
                                0x337 (size before relaxing)
 .debug_str     0x00000d7c      0xcf3 qtouch/touch.o
                               0x10f7 (size before relaxing)
 .debug_str     0x00001a6f       0x16 src/bod.o
                                0x1a6 (size before relaxing)
 .debug_str     0x00001a85      0x1c2 src/clkctrl.o
                                0x3a4 (size before relaxing)
 .debug_str     0x00001c47       0x1c src/cpuint.o
                                0x1ac (size before relaxing)
 .debug_str     0x00001c63      0x11a src/driver_init.o
                                0x3d1 (size before relaxing)
 .debug_str     0x00001d7d      0x19d src/rtc.o
                                0x424 (size before relaxing)
 .debug_str     0x00001f1a       0xb0 src/slpctrl.o
                                0x272 (size before relaxing)
 .debug_str     0x00001fca      0x1e7 src/usart_basic.o
                                0x3f6 (size before relaxing)

.debug_loc      0x00000000      0x72e
 *(.debug_loc)
 .debug_loc     0x00000000       0xcb driver_isr.o
 .debug_loc     0x000000cb      0x10a main.o
 .debug_loc     0x000001d5       0xa9 qtouch/datastreamer/datastreamer_UART_avr.o
 .debug_loc     0x0000027e      0x348 qtouch/touch.o
 .debug_loc     0x000005c6       0x29 src/clkctrl.o
 .debug_loc     0x000005ef       0xd7 src/driver_init.o
 .debug_loc     0x000006c6       0x21 src/slpctrl.o
 .debug_loc     0x000006e7       0x47 src/usart_basic.o

.debug_macinfo
 *(.debug_macinfo)

.debug_weaknames
 *(.debug_weaknames)

.debug_funcnames
 *(.debug_funcnames)

.debug_typenames
 *(.debug_typenames)

.debug_varnames
 *(.debug_varnames)

.debug_pubtypes
 *(.debug_pubtypes)

.debug_ranges   0x00000000      0x1b0
 *(.debug_ranges)
 .debug_ranges  0x00000000       0x10 atmel_start.o
 .debug_ranges  0x00000010       0x10 driver_isr.o
 .debug_ranges  0x00000020       0x10 main.o
 .debug_ranges  0x00000030       0x20 qtouch/datastreamer/datastreamer_UART_avr.o
 .debug_ranges  0x00000050       0x80 qtouch/touch.o
 .debug_ranges  0x000000d0       0x10 src/bod.o
 .debug_ranges  0x000000e0       0x10 src/clkctrl.o
 .debug_ranges  0x000000f0       0x10 src/cpuint.o
 .debug_ranges  0x00000100       0x20 src/driver_init.o
 .debug_ranges  0x00000120       0x10 src/rtc.o
 .debug_ranges  0x00000130       0x18 src/slpctrl.o
 .debug_ranges  0x00000148       0x68 src/usart_basic.o

.debug_macro
 *(.debug_macro)
OUTPUT(attiny814-qtouch-uart.elf elf32-avr)
LOAD linker stubs
